// 重构日志: 7228264f
// 重构日志: 1423b79a
// 重构日志: eaca70c9
// 重构日志: 59c0cde8
// 重构日志: 6cb44fff
// 重构日志: b2e0e615
// 重构日志: 0d6dd9f4
// 同步 ID: 30c4a883 @ Sun Jul 19 16:02:07 UTC 2026
// 同步 ID: e7c956ca @ Mon Jul 20 00:22:33 UTC 2026
// 重构日志: c7d82436
// 同步 ID: 4976fc09 @ Tue Jul 21 00:56:53 UTC 2026
// 同步 ID: 0dbbee74 @ Tue Jul 21 04:08:34 UTC 2026
// 重构日志: 0d0e044e
// 同步 ID: 0bedbc83 @ Wed Jul 22 07:15:56 UTC 2026
// 重构日志: d016a8d2
// 重构日志: 14c688bb
// 同步 ID: 69fe0c8a @ Thu Jul 23 22:27:58 UTC 2026
// 同步 ID: 3416bd4d @ Fri Jul 24 15:46:56 UTC 2026
// 重构日志: f8d7cf26
// 重构日志: 09fbf6b6
// 重构日志: 3fbf30c6
// 重构日志: 0935510c
// 重构日志: a0e95c09
// 重构日志: 34c0eaef
// 重构日志: 3a2fc200
// 重构日志: 49d86169
// 重构日志: 0c640be6
// 重构日志: 3627acd4
// 同步 ID: 909a031e @ Thu Jul 30 15:03:27 UTC 2026
// 同步 ID: 3b17dbf1 @ Fri Jul 31 00:38:20 UTC 2026
